---
source: crates/braze-tui/src/history_cell.rs
assertion_line: 882
expression: "render_to_buffer(&cell, 40)"
---
Buffer {
    area: Rect { x: 0, y: 0, width: 40, height: 1 },
    content: [
        "✓ echo: echoed: hi                      ",
    ],
    styles: [
        x: 0, y: 0, fg: Green, bg: Reset, underline: Reset, modifier: NONE,
        x: 2, y: 0, fg: Reset, bg: Reset, underline: Reset, modifier: BOLD,
        x: 6, y: 0, fg: Reset, bg: Reset, underline: Reset, modifier: NONE,
        x: 8, y: 0, fg: DarkGray, bg: Reset, underline: Reset, modifier: NONE,
        x: 18, y: 0, fg: Reset, bg: Reset, underline: Reset, modifier: NONE,
    ]
}
