---
source: crates/braze-tui/src/history_cell.rs
assertion_line: 876
expression: "render_to_buffer(&cell, 40)"
---
Buffer {
    area: Rect { x: 0, y: 0, width: 40, height: 1 },
    content: [
        "▶ read_file                             ",
    ],
    styles: [
        x: 0, y: 0, fg: Yellow, bg: Reset, underline: Reset, modifier: NONE,
        x: 2, y: 0, fg: Reset, bg: Reset, underline: Reset, modifier: BOLD,
        x: 11, y: 0, fg: Reset, bg: Reset, underline: Reset, modifier: NONE,
    ]
}
